GNU gdb (Ubuntu 15.0.50.20240403-0ubuntu1) 15.0.50.20240403-git
Copyright (C) 2024 Free Software Foundation, Inc.
License GPLv3+: GNU GPL version 3 or later <http://gnu.org/licenses/gpl.html>
This is free software: you are free to change and redistribute it.
There is NO WARRANTY, to the extent permitted by law.
Type "show copying" and "show warranty" for details.
This GDB was configured as "x86_64-linux-gnu".
Type "show configuration" for configuration details.
For bug reporting instructions, please see:
<https://www.gnu.org/software/gdb/bugs/>.
Find the GDB manual and other documentation resources online at:
    <http://www.gnu.org/software/gdb/documentation/>.

For help, type "help".
Type "apropos word" to search for commands related to "word".
Attaching to process 221484
[New LWP 221489]
[New LWP 221488]
[New LWP 221487]
[New LWP 221486]
[New LWP 221485]
[Thread debugging using libthread_db enabled]
Using host libthread_db library "/lib/x86_64-linux-gnu/libthread_db.so.1".
0x00007e8cf8cecadf in __GI___clock_nanosleep (clock_id=clock_id@entry=0, flags=flags@entry=0, req=0x7e8cf6e270a0, rem=0x7e8cf6e270a0)
    at ../sysdeps/unix/sysv/linux/clock_nanosleep.c:78

warning: 78	../sysdeps/unix/sysv/linux/clock_nanosleep.c: No such file or directory

Thread 6 (Thread 0x7e8cf52cc6c0 (LWP 221485) "gate_server"):
#0  0x00007e8cf8c98d71 in __futex_abstimed_wait_common64 (private=25853, cancel=true, abstime=0x0, op=393, expected=0, futex_word=0x511000002260) at ./nptl/futex-internal.c:57
#1  __futex_abstimed_wait_common (cancel=true, private=25853, abstime=0x0, clockid=0, expected=0, futex_word=0x511000002260) at ./nptl/futex-internal.c:87
#2  __GI___futex_abstimed_wait_cancelable64 (futex_word=futex_word@entry=0x511000002260, expected=expected@entry=0, clockid=clockid@entry=0, abstime=abstime@entry=0x0, private=private@entry=0) at ./nptl/futex-internal.c:139
#3  0x00007e8cf8c9b7ed in __pthread_cond_wait_common (abstime=0x0, clockid=0, mutex=0x511000002210, cond=0x511000002238) at ./nptl/pthread_cond_wait.c:503
#4  ___pthread_cond_wait (cond=0x511000002238, mutex=0x511000002210) at ./nptl/pthread_cond_wait.c:627
#5  0x00007e8cfb3bbce9 in std::condition_variable::wait<spdlog::details::mpmc_blocking_queue<spdlog::details::async_msg>::dequeue(spdlog::details::async_msg&)::{lambda()#1}>(std::unique_lock<std::mutex>&, spdlog::details::mpmc_blocking_queue<spdlog::details::async_msg>::dequeue(spdlog::details::async_msg&)::{lambda()#1}) (this=0x511000002238, __lock=..., __p=...) at /usr/include/c++/13/condition_variable:105
#6  0x00007e8cfb3bb5f0 in spdlog::details::mpmc_blocking_queue<spdlog::details::async_msg>::dequeue (this=0x511000002210, popped_item=...) at /home/sakura/vcpkg/buildtrees/spdlog/src/v1.15.3-425e0a81aa.clean/include/spdlog/details/mpmc_blocking_q.h:85
#7  0x00007e8cfb3b918c in spdlog::details::thread_pool::process_next_msg_ (this=0x511000002210) at /home/sakura/vcpkg/buildtrees/spdlog/src/v1.15.3-425e0a81aa.clean/include/spdlog/details/thread_pool-inl.h:101
#8  0x00007e8cfb3b9135 in spdlog::details::thread_pool::worker_loop_ (this=0x511000002210) at /home/sakura/vcpkg/buildtrees/spdlog/src/v1.15.3-425e0a81aa.clean/include/spdlog/details/thread_pool-inl.h:92
#9  0x00007e8cfb3b87c3 in operator() (__closure=0x507000000178) at /home/sakura/vcpkg/buildtrees/spdlog/src/v1.15.3-425e0a81aa.clean/include/spdlog/details/thread_pool-inl.h:29
#10 0x00007e8cfb3ba85c in std::__invoke_impl<void, spdlog::details::thread_pool::thread_pool(size_t, size_t, std::function<void()>, std::function<void()>)::<lambda()> >(std::__invoke_other, struct {...} &&) (__f=...) at /usr/include/c++/13/bits/invoke.h:61
#11 0x00007e8cfb3ba81f in std::__invoke<spdlog::details::thread_pool::thread_pool(size_t, size_t, std::function<void()>, std::function<void()>)::<lambda()> >(struct {...} &&) (__fn=...) at /usr/include/c++/13/bits/invoke.h:96
#12 0x00007e8cfb3ba7cc in std::thread::_Invoker<std::tuple<spdlog::details::thread_pool::thread_pool(size_t, size_t, std::function<void()>, std::function<void()>)::<lambda()> > >::_M_invoke<0>(std::_Index_tuple<0>) (this=0x507000000178) at /usr/include/c++/13/bits/std_thread.h:292
#13 0x00007e8cfb3ba7a0 in std::thread::_Invoker<std::tuple<spdlog::details::thread_pool::thread_pool(size_t, size_t, std::function<void()>, std::function<void()>)::<lambda()> > >::operator()(void) (this=0x507000000178) at /usr/include/c++/13/bits/std_thread.h:299
#14 0x00007e8cfb3ba784 in std::thread::_State_impl<std::thread::_Invoker<std::tuple<spdlog::details::thread_pool::thread_pool(size_t, size_t, std::function<void()>, std::function<void()>)::<lambda()> > > >::_M_run(void) (this=0x507000000170) at /usr/include/c++/13/bits/std_thread.h:244
#15 0x00007e8cf90ecdb4 in ?? () from /lib/x86_64-linux-gnu/libstdc++.so.6
#16 0x00007e8cfd85ea42 in asan_thread_start (arg=0x7e8cfd709000) at ../../../../src/libsanitizer/asan/asan_interceptors.cpp:234
#17 0x00007e8cf8c9caa4 in start_thread (arg=<optimized out>) at ./nptl/pthread_create.c:447
#18 0x00007e8cf8d29c6c in clone3 () at ../sysdeps/unix/sysv/linux/x86_64/clone3.S:78

Thread 5 (Thread 0x7e8cf3fc26c0 (LWP 221486) "Aegis-W-0"):
#0  __io_uring_submit (getevents=false, wait_nr=1, submitted=1, ring=<optimized out>) at arch/x86/../syscall-defs.h:82
#1  __io_uring_submit_and_wait (wait_nr=1, ring=<optimized out>) at queue.c:445
#2  io_uring_submit_and_wait (ring=<optimized out>, wait_nr=1) at queue.c:465
#3  0x00007e8cfb3178b1 in aegis::core::Worker::process_io (this=0x51b000000080, wait_for_events=true) at /home/sakura/text/AegisEngine/src/core/worker.cpp:154
#4  0x00007e8cfb3174e9 in aegis::core::Worker::run (this=0x51b000000080) at /home/sakura/text/AegisEngine/src/core/worker.cpp:112
#5  0x00007e8cfb30e24f in operator() (__closure=0x503000003d68) at /home/sakura/text/AegisEngine/src/core/scheduler.cpp:56
#6  0x00007e8cfb30f9ae in std::__invoke_impl<void, aegis::core::Scheduler::start(int)::<lambda()> >(std::__invoke_other, struct {...} &&) (__f=...) at /usr/include/c++/13/bits/invoke.h:61
#7  0x00007e8cfb30f971 in std::__invoke<aegis::core::Scheduler::start(int)::<lambda()> >(struct {...} &&) (__fn=...) at /usr/include/c++/13/bits/invoke.h:96
#8  0x00007e8cfb30f91e in std::thread::_Invoker<std::tuple<aegis::core::Scheduler::start(int)::<lambda()> > >::_M_invoke<0>(std::_Index_tuple<0>) (this=0x503000003d68) at /usr/include/c++/13/bits/std_thread.h:292
#9  0x00007e8cfb30f8f2 in std::thread::_Invoker<std::tuple<aegis::core::Scheduler::start(int)::<lambda()> > >::operator()(void) (this=0x503000003d68) at /usr/include/c++/13/bits/std_thread.h:299
#10 0x00007e8cfb30f8d6 in std::thread::_State_impl<std::thread::_Invoker<std::tuple<aegis::core::Scheduler::start(int)::<lambda()> > > >::_M_run(void) (this=0x503000003d60) at /usr/include/c++/13/bits/std_thread.h:244
#11 0x00007e8cf90ecdb4 in ?? () from /lib/x86_64-linux-gnu/libstdc++.so.6
#12 0x00007e8cfd85ea42 in asan_thread_start (arg=0x7e8cfd6f3000) at ../../../../src/libsanitizer/asan/asan_interceptors.cpp:234
#13 0x00007e8cf8c9caa4 in start_thread (arg=<optimized out>) at ./nptl/pthread_create.c:447
#14 0x00007e8cf8d29c6c in clone3 () at ../sysdeps/unix/sysv/linux/x86_64/clone3.S:78

Thread 4 (Thread 0x7e8cf37c16c0 (LWP 221487) "Aegis-W-1"):
#0  __io_uring_submit (getevents=false, wait_nr=1, submitted=2, ring=<optimized out>) at arch/x86/../syscall-defs.h:82
#1  __io_uring_submit_and_wait (wait_nr=1, ring=<optimized out>) at queue.c:445
#2  io_uring_submit_and_wait (ring=<optimized out>, wait_nr=1) at queue.c:465
#3  0x00007e8cfb3178b1 in aegis::core::Worker::process_io (this=0x51b000000780, wait_for_events=true) at /home/sakura/text/AegisEngine/src/core/worker.cpp:154
#4  0x00007e8cfb3174e9 in aegis::core::Worker::run (this=0x51b000000780) at /home/sakura/text/AegisEngine/src/core/worker.cpp:112
#5  0x00007e8cfb30e24f in operator() (__closure=0x503000003d98) at /home/sakura/text/AegisEngine/src/core/scheduler.cpp:56
#6  0x00007e8cfb30f9ae in std::__invoke_impl<void, aegis::core::Scheduler::start(int)::<lambda()> >(std::__invoke_other, struct {...} &&) (__f=...) at /usr/include/c++/13/bits/invoke.h:61
#7  0x00007e8cfb30f971 in std::__invoke<aegis::core::Scheduler::start(int)::<lambda()> >(struct {...} &&) (__fn=...) at /usr/include/c++/13/bits/invoke.h:96
#8  0x00007e8cfb30f91e in std::thread::_Invoker<std::tuple<aegis::core::Scheduler::start(int)::<lambda()> > >::_M_invoke<0>(std::_Index_tuple<0>) (this=0x503000003d98) at /usr/include/c++/13/bits/std_thread.h:292
#9  0x00007e8cfb30f8f2 in std::thread::_Invoker<std::tuple<aegis::core::Scheduler::start(int)::<lambda()> > >::operator()(void) (this=0x503000003d98) at /usr/include/c++/13/bits/std_thread.h:299
#10 0x00007e8cfb30f8d6 in std::thread::_State_impl<std::thread::_Invoker<std::tuple<aegis::core::Scheduler::start(int)::<lambda()> > > >::_M_run(void) (this=0x503000003d90) at /usr/include/c++/13/bits/std_thread.h:244
#11 0x00007e8cf90ecdb4 in ?? () from /lib/x86_64-linux-gnu/libstdc++.so.6
#12 0x00007e8cfd85ea42 in asan_thread_start (arg=0x7e8cfd6e5000) at ../../../../src/libsanitizer/asan/asan_interceptors.cpp:234
#13 0x00007e8cf8c9caa4 in start_thread (arg=<optimized out>) at ./nptl/pthread_create.c:447
#14 0x00007e8cf8d29c6c in clone3 () at ../sysdeps/unix/sysv/linux/x86_64/clone3.S:78

Thread 3 (Thread 0x7e8cf24b76c0 (LWP 221488) "Aegis-W-2"):
#0  __io_uring_submit (getevents=false, wait_nr=1, submitted=2, ring=<optimized out>) at arch/x86/../syscall-defs.h:82
#1  __io_uring_submit_and_wait (wait_nr=1, ring=<optimized out>) at queue.c:445
#2  io_uring_submit_and_wait (ring=<optimized out>, wait_nr=1) at queue.c:465
#3  0x00007e8cfb3178b1 in aegis::core::Worker::process_io (this=0x51b000000e80, wait_for_events=true) at /home/sakura/text/AegisEngine/src/core/worker.cpp:154
#4  0x00007e8cfb3174e9 in aegis::core::Worker::run (this=0x51b000000e80) at /home/sakura/text/AegisEngine/src/core/worker.cpp:112
#5  0x00007e8cfb30e24f in operator() (__closure=0x503000003dc8) at /home/sakura/text/AegisEngine/src/core/scheduler.cpp:56
#6  0x00007e8cfb30f9ae in std::__invoke_impl<void, aegis::core::Scheduler::start(int)::<lambda()> >(std::__invoke_other, struct {...} &&) (__f=...) at /usr/include/c++/13/bits/invoke.h:61
#7  0x00007e8cfb30f971 in std::__invoke<aegis::core::Scheduler::start(int)::<lambda()> >(struct {...} &&) (__fn=...) at /usr/include/c++/13/bits/invoke.h:96
#8  0x00007e8cfb30f91e in std::thread::_Invoker<std::tuple<aegis::core::Scheduler::start(int)::<lambda()> > >::_M_invoke<0>(std::_Index_tuple<0>) (this=0x503000003dc8) at /usr/include/c++/13/bits/std_thread.h:292
#9  0x00007e8cfb30f8f2 in std::thread::_Invoker<std::tuple<aegis::core::Scheduler::start(int)::<lambda()> > >::operator()(void) (this=0x503000003dc8) at /usr/include/c++/13/bits/std_thread.h:299
#10 0x00007e8cfb30f8d6 in std::thread::_State_impl<std::thread::_Invoker<std::tuple<aegis::core::Scheduler::start(int)::<lambda()> > > >::_M_run(void) (this=0x503000003dc0) at /usr/include/c++/13/bits/std_thread.h:244
#11 0x00007e8cf90ecdb4 in ?? () from /lib/x86_64-linux-gnu/libstdc++.so.6
#12 0x00007e8cfd85ea42 in asan_thread_start (arg=0x7e8cfd6d7000) at ../../../../src/libsanitizer/asan/asan_interceptors.cpp:234
#13 0x00007e8cf8c9caa4 in start_thread (arg=<optimized out>) at ./nptl/pthread_create.c:447
#14 0x00007e8cf8d29c6c in clone3 () at ../sysdeps/unix/sysv/linux/x86_64/clone3.S:78

Thread 2 (Thread 0x7e8cf1cb66c0 (LWP 221489) "Aegis-W-3"):
#0  __io_uring_submit (getevents=false, wait_nr=1, submitted=1, ring=<optimized out>) at arch/x86/../syscall-defs.h:82
#1  __io_uring_submit_and_wait (wait_nr=1, ring=<optimized out>) at queue.c:445
#2  io_uring_submit_and_wait (ring=<optimized out>, wait_nr=1) at queue.c:465
#3  0x00007e8cfb3178b1 in aegis::core::Worker::process_io (this=0x51b000001580, wait_for_events=true) at /home/sakura/text/AegisEngine/src/core/worker.cpp:154
#4  0x00007e8cfb3174e9 in aegis::core::Worker::run (this=0x51b000001580) at /home/sakura/text/AegisEngine/src/core/worker.cpp:112
#5  0x00007e8cfb30e24f in operator() (__closure=0x503000003df8) at /home/sakura/text/AegisEngine/src/core/scheduler.cpp:56
#6  0x00007e8cfb30f9ae in std::__invoke_impl<void, aegis::core::Scheduler::start(int)::<lambda()> >(std::__invoke_other, struct {...} &&) (__f=...) at /usr/include/c++/13/bits/invoke.h:61
#7  0x00007e8cfb30f971 in std::__invoke<aegis::core::Scheduler::start(int)::<lambda()> >(struct {...} &&) (__fn=...) at /usr/include/c++/13/bits/invoke.h:96
#8  0x00007e8cfb30f91e in std::thread::_Invoker<std::tuple<aegis::core::Scheduler::start(int)::<lambda()> > >::_M_invoke<0>(std::_Index_tuple<0>) (this=0x503000003df8) at /usr/include/c++/13/bits/std_thread.h:292
#9  0x00007e8cfb30f8f2 in std::thread::_Invoker<std::tuple<aegis::core::Scheduler::start(int)::<lambda()> > >::operator()(void) (this=0x503000003df8) at /usr/include/c++/13/bits/std_thread.h:299
#10 0x00007e8cfb30f8d6 in std::thread::_State_impl<std::thread::_Invoker<std::tuple<aegis::core::Scheduler::start(int)::<lambda()> > > >::_M_run(void) (this=0x503000003df0) at /usr/include/c++/13/bits/std_thread.h:244
#11 0x00007e8cf90ecdb4 in ?? () from /lib/x86_64-linux-gnu/libstdc++.so.6
#12 0x00007e8cfd85ea42 in asan_thread_start (arg=0x7e8cfd6c1000) at ../../../../src/libsanitizer/asan/asan_interceptors.cpp:234
#13 0x00007e8cf8c9caa4 in start_thread (arg=<optimized out>) at ./nptl/pthread_create.c:447
#14 0x00007e8cf8d29c6c in clone3 () at ../sysdeps/unix/sysv/linux/x86_64/clone3.S:78

Thread 1 (Thread 0x7e8cfdf4a240 (LWP 221484) "gate_server"):
#0  0x00007e8cf8cecadf in __GI___clock_nanosleep (clock_id=clock_id@entry=0, flags=flags@entry=0, req=0x7e8cf6e270a0, rem=0x7e8cf6e270a0) at ../sysdeps/unix/sysv/linux/clock_nanosleep.c:78
#1  0x00007e8cf8cf9a27 in __GI___nanosleep (req=<optimized out>, rem=<optimized out>) at ../sysdeps/unix/sysv/linux/nanosleep.c:25
#2  0x000064fddd32500b in std::this_thread::sleep_for<long, std::ratio<1l, 1l> > (__rtime=std::chrono::duration = { 1s }) at /usr/include/c++/13/bits/this_thread_sleep.h:80
#3  0x000064fddd307b83 in aegis::gate::GateServer::run (this=0x7e8cf6e0b240, port=8888) at /home/sakura/text/AegisEngine/services/gate/src/gate_server.cpp:144
#4  0x000064fddd3c7b80 in main () at /home/sakura/text/AegisEngine/services/gate/src/main.cpp:23
Detaching from program: /home/sakura/text/AegisEngine/out/build/asan/bin/gate_server, process 221484
[Inferior 1 (process 221484) detached]
